Script started on Sat 06 Jun 2015 09:51:04 PM PDT
~
kchan049@hammer $ cd rshell
~/rshell
kchan049@hammer $ bin/rshell

kchan049@hammer.cs.ucr.edu$ #part 1
kchan049@hammer.cs.ucr.edu$ #command with no params
kchan049@hammer.cs.ucr.edu$ ls
bin  LICENSE  Makefile	README.md  src	tests
kchan049@hammer.cs.ucr.edu$ ls -a
.  ..  bin  .git  LICENSE  Makefile  README.md	src  tests
kchan049@hammer.cs.ucr.edu$ #command with few params
kchan049@hammer.cs.ucr.edu$ echo 1 2 3
1 2 3
kchan049@hammer.cs.ucr.edu$ ls -a -a -a
.  ..  bin  .git  LICENSE  Makefile  README.md	src  tests
kchan049@hammer.cs.ucr.edu$ #command with 10+ params
kchan049@hammer.cs.ucr.edu$ ls -a -a -a -a -a -a -a -a -a -a -a -a -a
.  ..  bin  .git  LICENSE  Makefile  README.md	src  tests
kchan049@hammer.cs.ucr.edu$ echo 1 2 3 4 5 6 7 8 9 10 11 12
1 2 3 4 5 6 7 8 9 10 11 12
kchan049@hammer.cs.ucr.edu$ #run both command in /bin and command in curr directory
kchan049@hammer.cs.ucr.edu$ ./bin/rshell #going into seond rshell

kchan049@hammer.cs.ucr.edu$ ls
bin  LICENSE  Makefile	README.md  src	tests
kchan049@hammer.cs.ucr.edu$ exit #going out of 2nd rshell
kchan049@hammer.cs.ucr.edu$ ls
bin  LICENSE  Makefile	README.md  src	tests
kchan049@hammer.cs.ucr.edu$ #invalid command should throw error
kchan049@hammer.cs.ucr.edu$ awef
Command is bad and not good!: No such file or directory
kchan049@hammer.cs.ucr.edu$ #commands wiht lots of spaces
kchan049@hammer.cs.ucr.edu$ #between params
kchan049@hammer.cs.ucr.edu$      ls     -a    -l      
total 40
drwx------  6 kchan049 csmajs 4096 Jun  6 21:43 .
drwx------ 34 kchan049 csmajs 8192 Jun  6 21:43 ..
drwx------  2 kchan049 csmajs 4096 Jun  6 21:43 bin
drwx------  8 kchan049 csmajs 4096 Jun  6 21:43 .git
-rw-------  1 kchan049 csmajs  427 Jun  6 21:42 LICENSE
-rw-------  1 kchan049 csmajs  242 Jun  6 21:43 Makefile
-rw-------  1 kchan049 csmajs 1639 Jun  6 21:43 README.md
drwx------  2 kchan049 csmajs 4096 Jun  6 21:43 src
drwx------  2 kchan049 csmajs 4096 Jun  6 21:43 tests
kchan049@hammer.cs.ucr.edu$ #part 2
kchan049@hammer.cs.ucr.edu$ #simple example showing 2 commands connected wit each operator
kchan049@hammer.cs.ucr.edu$ true && echo output
output
kchan049@hammer.cs.ucr.edu$ false && echo no
kchan049@hammer.cs.ucr.edu$ true || echo no
kchan049@hammer.cs.ucr.edu$ true || echo yes
kchan049@hammer.cs.ucr.edu$ false || echo output
output
kchan049@hammer.cs.ucr.edu$ #example showing lots of command chained together
kchan049@hammer.cs.ucr.edu$ true && false && echo no
kchan049@hammer.cs.ucr.edu$ true && false || false || true && true echo hi ; echo bye
bye
kchan049@hammer.cs.ucr.edu$ #two examples of mixing matching operators
kchan049@hammer.cs.ucr.edu$ echo hi; echo bye; true && false } || echo hi ; echo why
hi
bye
hi
why
kchan049@hammer.cs.ucr.edu$ true && false || true && false ; echo hi ; true || echo why ; echo hi && echo bye
hi
kchan049@hammer.cs.ucr.edu$ true && false ; echo why && ls
why
bin  LICENSE  Makefile	README.md  src	tests
kchan049@hammer.cs.ucr.edu$ #parsing exmple showing operator can be next to each other
kchan049@hammer.cs.ucr.edu$ ls -l||cat
total 24
drwx------ 2 kchan049 csmajs 4096 Jun  6 21:43 bin
-rw------- 1 kchan049 csmajs  427 Jun  6 21:42 LICENSE
-rw------- 1 kchan049 csmajs  242 Jun  6 21:43 Makefile
-rw------- 1 kchan049 csmajs 1639 Jun  6 21:43 README.md
drwx------ 2 kchan049 csmajs 4096 Jun  6 21:43 src
drwx------ 2 kchan049 csmajs 4096 Jun  6 21:43 tests
kchan049@hammer.cs.ucr.edu$    ls    -l   ||   cat
total 24
drwx------ 2 kchan049 csmajs 4096 Jun  6 21:43 bin
-rw------- 1 kchan049 csmajs  427 Jun  6 21:42 LICENSE
-rw------- 1 kchan049 csmajs  242 Jun  6 21:43 Makefile
-rw------- 1 kchan049 csmajs 1639 Jun  6 21:43 README.md
drwx------ 2 kchan049 csmajs 4096 Jun  6 21:43 src
drwx------ 2 kchan049 csmajs 4096 Jun  6 21:43 tests
kchan049@hammer.cs.ucr.edu$ #part 3
kchan049@hammer.cs.ucr.edu$ exit
~/rshell
kchan049@hammer $ bin/rshell 

kchan049@hammer.cs.ucr.edu$ #that was exit all by itself
kchan049@hammer.cs.ucr.edu$ exit ls -l
~/rshell
kchan049@hammer $ bin/rshell 

kchan049@hammer.cs.ucr.edu$ #that was exit with params
kchan049@hammer.cs.ucr.edu$ ls -l exit
ls: cannot access exit: No such file or directory
kchan049@hammer.cs.ucr.edu$ #exit as a param to something shouldnt exit
kchan049@hammer.cs.ucr.edu$ ls -l; exit
total 24
drwx------ 2 kchan049 csmajs 4096 Jun  6 21:43 bin
-rw------- 1 kchan049 csmajs  427 Jun  6 21:42 LICENSE
-rw------- 1 kchan049 csmajs  242 Jun  6 21:43 Makefile
-rw------- 1 kchan049 csmajs 1639 Jun  6 21:43 README.md
drwx------ 2 kchan049 csmajs 4096 Jun  6 21:43 src
drwx------ 2 kchan049 csmajs 4096 Jun  6 21:43 tests
~/rshell
kchan049@hammer $ bin/rshell 

kchan049@hammer.cs.ucr.edu$ #exit in a chain of commands should exit
kchan049@hammer.cs.ucr.edu$ #part 4
kchan049@hammer.cs.ucr.edu$ #e comment within a command
kchan049@hammer.cs.ucr.edu$ ls -l # this is a command
total 24
drwx------ 2 kchan049 csmajs 4096 Jun  6 21:43 bin
-rw------- 1 kchan049 csmajs  427 Jun  6 21:42 LICENSE
-rw------- 1 kchan049 csmajs  242 Jun  6 21:43 Makefile
-rw------- 1 kchan049 csmajs 1639 Jun  6 21:43 README.md
drwx------ 2 kchan049 csmajs 4096 Jun  6 21:43 src
drwx------ 2 kchan049 csmajs 4096 Jun  6 21:43 tests
kchan049@hammer.cs.ucr.edu$ #comment on a line by itself
kchan049@hammer.cs.ucr.edu$ #comment hi
kchan049@hammer.cs.ucr.edu$ #comment where # touches something else
kchan049@hammer.cs.ucr.edu$ ls -l# this is acomment
total 24
drwx------ 2 kchan049 csmajs 4096 Jun  6 21:43 bin
-rw------- 1 kchan049 csmajs  427 Jun  6 21:42 LICENSE
-rw------- 1 kchan049 csmajs  242 Jun  6 21:43 Makefile
-rw------- 1 kchan049 csmajs 1639 Jun  6 21:43 README.md
drwx------ 2 kchan049 csmajs 4096 Jun  6 21:43 src
drwx------ 2 kchan049 csmajs 4096 Jun  6 21:43 tests
kchan049@hammer.cs.ucr.edu$ exit
~/rshell
kchan049@hammer $ exit
exit

Script done on Sat 06 Jun 2015 10:01:21 PM PDT
