Script started on Fri 17 Apr 2015 07:14:42 PM PDT
~
kchan049@hammer $ cd Desktop/cs100/rshell
~/Desktop/cs100/rshell
kchan049@hammer $ bin/rshell
kchan049@hammer.cs.ucr.edu$ #be  testing starting now
kchan049@hammer.cs.ucr.edu$ #basic omman     commands
kchan049@hammer.cs.ucr.edu$ ls
bin  LICENSE  Makefile	README.md  src	tests
kchan049@hammer.cs.ucr.edu$ pwd
/home/csmajs/kchan049/Desktop/cs100/rshell
kchan049@hammer.cs.ucr.edu$ echo cat
cat
kchan049@hammer.cs.ucr.edu$ mkdir
mkdir: missing operand
Try `mkdir --help' for more information.
kchan049@hammer.cs.ucr.edu$ cd 
Command is bad and not good!: No such file or directory
kchan049@hammer.cs.ucr.edu$ pwd
/home/csmajs/kchan049/Desktop/cs100/rshell
kchan049@hammer.cs.ucr.edu$      pwd
/home/csmajs/kchan049/Desktop/cs100/rshell
kchan049@hammer.cs.ucr.edu$    pwd pwd
pwd: ignoring non-option arguments
/home/csmajs/kchan049/Desktop/cs100/rshell
kchan049@hammer.cs.ucr.edu$ ps
  PID TTY          TIME CMD
34451 pts/78   00:00:00 bash
34482 pts/78   00:00:00 rshell
34521 pts/78   00:00:00 ps
kchan049@hammer.cs.ucr.edu$ #testing arguments with basic commands
kchan049@hammer.cs.ucr.edu$ ls -a -l
total 36
drwx------ 6 kchan049 csmajs 4096 Apr 17 17:41 .
drwx------ 7 kchan049 csmajs 4096 Apr 13 12:41 ..
drwx------ 2 kchan049 csmajs 4096 Apr 17 19:08 bin
drwx------ 8 kchan049 csmajs 4096 Apr 17 19:08 .git
-rw------- 1 kchan049 csmajs 1076 Apr  8 14:04 LICENSE
-rw------- 1 kchan049 csmajs  223 Apr 15 18:09 Makefile
-rw------- 1 kchan049 csmajs 1049 Apr 17 16:55 README.md
drwx------ 2 kchan049 csmajs 4096 Apr 17 19:08 src
drwx------ 2 kchan049 csmajs 4096 Apr 17 18:15 tests
kchan049@hammer.cs.ucr.edu$ echo jwieofjwioef             jweoifwjeoif
jwieofjwioef jweoifwjeoif
kchan049@hammer.cs.ucr.edu$ echo dad    mom           dammit
dad mom dammit
kchan049@hammer.cs.ucr.edu$ ls -a -a -a -a -a
.  ..  bin  .git  LICENSE  Makefile  README.md	src  tests
kchan049@hammer.cs.ucr.edu$ ls -aaaaaaaaaaaaaaaaaaaaaaaaaaaa
.  ..  bin  .git  LICENSE  Makefile  README.md	src  tests
kchan049@hammer.cs.ucr.edu$ #testing : ; connector^[[D^[[D^[[D^[[D
kchan049@hammer.cs.ucr.edu$ pwd ; mkdir
/home/csmajs/kchan049/Desktop/cs100/rshell
mkdir: missing operand
Try `mkdir --help' for more information.
kchan049@hammer.cs.ucr.edu$ ls ; ls ; ls
bin  LICENSE  Makefile	README.md  src	tests
bin  LICENSE  Makefile	README.md  src	tests
bin  LICENSE  Makefile	README.md  src	tests
kchan049@hammer.cs.ucr.edu$ ;s ls; pwd
Command is bad and not good!: No such file or directory
/home/csmajs/kchan049/Desktop/cs100/rshell
kchan049@hammer.cs.ucr.edu$ ls; pwd
bin  LICENSE  Makefile	README.md  src	tests
/home/csmajs/kchan049/Desktop/cs100/rshell
kchan049@hammer.cs.ucr.edu$ ls      ; pwd
bin  LICENSE  Makefile	README.md  src	tests
/home/csmajs/kchan049/Desktop/cs100/rshell
kchan049@hammer.cs.ucr.edu$ ls;
bin  LICENSE  Makefile	README.md  src	tests
kchan049@hammer.cs.ucr.edu$ ;ls
bin  LICENSE  Makefile	README.md  src	tests
kchan049@hammer.cs.ucr.edu$ ls ;;
bin  LICENSE  Makefile	README.md  src	tests
kchan049@hammer.cs.ucr.edu$ ls;; pwd
bin  LICENSE  Makefile	README.md  src	tests
/home/csmajs/kchan049/Desktop/cs100/rshell
kchan049@hammer.cs.ucr.edu$ ;s -a; ;s -a; make      echo ct   at dog
Command is bad and not good!: No such file or directory
Command is bad and not good!: No such file or directory
cat dog
kchan049@hammer.cs.ucr.edu$ ls -a; ls -ewfe; ls
.  ..  bin  .git  LICENSE  Makefile  README.md	src  tests
ls: invalid option -- 'e'
Try `ls --help' for more information.
bin  LICENSE  Makefile	README.md  src	tests
kchan049@hammer.cs.ucr.edu$       ls; pwd -a; pwdddd; echo cat
bin  LICENSE  Makefile	README.md  src	tests
pwd: invalid option -- 'a'
Try `pwd --help' for more information.
Command is bad and not good!: No such file or directory
cat
kchan049@hammer.cs.ucr.edu$ ajowiejfio ; jad
Command is bad and not good!: No such file or directory
Command is bad and not good!: No such file or directory
kchan049@hammer.cs.ucr.edu$ bin/rshell
kchan049@hammer.cs.ucr.edu$ bin/rshell ; echo dad
kchan049@hammer.cs.ucr.edu$ exit
Command is bad and not good!: No such file or directory
dad
kchan049@hammer.cs.ucr.edu$ exit
Command is bad and not good!: No such file or directory
kchan049@hammer.cs.ucr.edu$ ;echo cat
cat
kchan049@hammer.cs.ucr.edu$ ;; echo cat
cat
kchan049@hammer.cs.ucr.edu$ #testing && connectors
kchan049@hammer.cs.ucr.edu$ echo cat && echo man
cat
man
kchan049@hammer.cs.ucr.edu$ iaowjefoi && echo dad
Command is bad and not good!: No such file or directory
kchan049@hammer.cs.ucr.edu$ man iwoejfoi# && pwd
No manual entry for iwoejfoi
kchan049@hammer.cs.ucr.edu$ man wefjiowefj     && pwd
No manual entry for wefjiowefj
kchan049@hammer.cs.ucr.edu$    man wiejfiowe && wd  pwd
No manual entry for wiejfiowe
kchan049@hammer.cs.ucr.edu$ ls && ls && ls &&&&&& ls &&&&& ls0  -a
bin  LICENSE  Makefile	README.md  src	tests
bin  LICENSE  Makefile	README.md  src	tests
bin  LICENSE  Makefile	README.md  src	tests
bin  LICENSE  Makefile	README.md  src	tests
.  ..  bin  .git  LICENSE  Makefile  README.md	src  tests
kchan049@hammer.cs.ucr.edu$ ls &&&&&&&&&&& echo cat dog
bin  LICENSE  Makefile	README.md  src	tests
cat dog
kchan049@hammer.cs.ucr.edu$ && echo dad
dad
kchan049@hammer.cs.ucr.edu$ echo dad &&
dad
kchan049@hammer.cs.ucr.edu$ #testing logic fo        || connectors
kchan049@hammer.cs.ucr.edu$ ls || pwd
bin  LICENSE  Makefile	README.md  src	tests
kchan049@hammer.cs.ucr.edu$ echo dad|fat
dad|fat
kchan049@hammer.cs.ucr.edu$ echo dad | fat
dad | fat
kchan049@hammer.cs.ucr.edu$ man wioejfiow ||||||
No manual entry for wioejfiow
kchan049@hammer.cs.ucr.edu$ echo wjeiofjwe ||| echo dad
wjeiofjwe
kchan049@hammer.cs.ucr.edu$ iwoejfoiw || eho  cho dad
Command is bad and not good!: No such file or directory
dad
kchan049@hammer.cs.ucr.edu$ |||| } || echo dad
dad
kchan049@hammer.cs.ucr.edu$ \\\\\ || echo what
Command is bad and not good!: No such file or directory
what
kchan049@hammer.cs.ucr.edu$ ajwioe ||| |    wjefiowjeiof || wejfiow || wejfoijewf || wiefjwioef
Command is bad and not good!: No such file or directory
Command is bad and not good!: No such file or directory
Command is bad and not good!: No such file or directory
Command is bad and not good!: No such file or directory
Command is bad and not good!: No such file or directory
kchan049@hammer.cs.ucr.edu$ wow    ow ||||| wowow
Command is bad and not good!: No such file or directory
Command is bad and not good!: No such file or directory
kchan049@hammer.cs.ucr.edu$ || echo dog
dog
kchan049@hammer.cs.ucr.edu$ echo dog } ||
dog
kchan049@hammer.cs.ucr.edu$ echo cat || exit
cat
kchan049@hammer.cs.ucr.edu$ bored || wjoiefjij
Command is bad and not good!: No such file or directory
Command is bad and not good!: No such file or directory
kchan049@hammer.cs.ucr.edu$ echo dad || bin/rshell
dad
kchan049@hammer.cs.ucr.edu$ || || || || ||| ls || pwd
bin  LICENSE  Makefile	README.md  src	tests
kchan049@hammer.cs.ucr.edu$ #testing comments
kchan049@hammer.cs.ucr.edu$ ls && #iwoejf oiwjefoi wefijo
bin  LICENSE  Makefile	README.md  src	tests
kchan049@hammer.cs.ucr.edu$ echo dad#wow
dad
kchan049@hammer.cs.ucr.edu$ #echo dog
kchan049@hammer.cs.ucr.edu$ # wjieofj *** iwoejf
kchan049@hammer.cs.ucr.edu$ ls #exit #exit 
bin  LICENSE  Makefile	README.md  src	tests
kchan049@hammer.cs.ucr.edu$ #testing mut ltiple things together
kchan049@hammer.cs.ucr.edu$ echo dog && echo cat ; echo jwioef wjeiof
dog
cat ; echo jwioef wjeiof
kchan049@hammer.cs.ucr.edu$ pwd && ls weijf && echo dad; echo mom; echo dad
/home/csmajs/kchan049/Desktop/cs100/rshell
ls: cannot access weijf: No such file or directory
kchan049@hammer.cs.ucr.edu$ echo dad  ; echo dog || echo cat
dad; echo dog
kchan049@hammer.cs.ucr.edu$ ; echo cat || wieofjweiof || echo dog
Command is bad and not good!: No such file or directory
Command is bad and not good!: No such file or directory
dog
kchan049@hammer.cs.ucr.edu$ l ;echo cat
cat
kchan049@hammer.cs.ucr.edu$ ;echo cat || echo dog
Command is bad and not good!: No such file or directory
dog
kchan049@hammer.cs.ucr.edu$ echo      false || exit
Command is bad and not good!: No such file or directory
kchan049@hammer.cs.ucr.edu$ echo dd   ad && exit
~/Desktop/cs100/rshell
kchan049@hammer $ echo mom || e[K[K[K[K[K[K[K[K[K[K[K[K[K/bin[K[K[K[Kbin/rshell
kchan049@hammer.cs.ucr.edu$ bin/rh shell
kchan049@hammer.cs.ucr.edu$ echo mom || exit
mom
kchan049@hammer.cs.ucr.edu$ echo man && exit
kchan049@hammer.cs.ucr.edu$ ex  bin/rshell && bin     exit
~/Desktop/cs100/rshell
kchan049@hammer $ ls
[0m[38;5;27mbin[0m/  LICENSE  Makefile  README.md  [38;5;27msrc[0m/  [38;5;27mtests[0m/
[m~/Desktop/cs100/rshell
kchan049@hammer $ #con[K[K[Kdone with testing!
~/Desktop/cs100/rshell
kchan049@hammer $ exit
exit

Script done on Fri 17 Apr 2015 07:30:20 PM PDT
